<?xml version="1.0" encoding="utf-8"?><testsuites><testsuite name="pytest" errors="0" failures="0" skipped="0" tests="11" time="0.705" timestamp="2024-12-23T23:37:34.210129" hostname="iMac-de-Natalia.local"><testcase classname="tests.utils.test_utils.TestUtils" name="test_delay_edge_cases" time="0.002" /><testcase classname="tests.utils.test_utils.TestUtils" name="test_delay_invalid_inputs" time="0.001" /><testcase classname="tests.utils.test_utils.TestUtils" name="test_delay_valid" time="0.001" /><testcase classname="tests.utils.test_utils.TestUtils" name="test_get_min_diff_invalid_format" time="0.004" /><testcase classname="tests.utils.test_utils.TestUtils" name="test_get_min_diff_missing_column" time="0.002" /><testcase classname="tests.utils.test_utils.TestUtils" name="test_get_min_diff_valid" time="0.001" /><testcase classname="tests.utils.test_utils.TestUtils" name="test_get_period_day_invalid" time="0.001" /><testcase classname="tests.utils.test_utils.TestUtils" name="test_get_period_day_valid" time="0.003" /><testcase classname="tests.utils.test_utils.TestUtils" name="test_get_period_day_with_timestamp" time="0.001" /><testcase classname="tests.utils.test_utils.TestUtils" name="test_is_high_season_invalid" time="0.001" /><testcase classname="tests.utils.test_utils.TestUtils" name="test_is_high_season_valid" time="0.003" /></testsuite></testsuites>